// Jest Snapshot v1, https://goo.gl/fbAQLP

exports[`DeleteObjectButton renders correctly when data is loaded 1`] = `
<button
  onClick={[Function]}
>
  DeleteIcon
</button>
`;
